// Jest Snapshot v1, https://goo.gl/fbAQLP

exports[`Page renders 1`] = `
<View
  style={
    Object {
      "alignItems": "center",
      "backgroundColor": "white",
      "flexDirection": "column",
      "height": "100%",
      "justifyContent": "center",
    }
  }
/>
`;
