// Jest Snapshot v1, https://goo.gl/fbAQLP

exports[`Row renders 1`] = `
<View
  style={
    Array [
      Object {
        "flex": 1,
      },
      Object {
        "alignItems": "flex-start",
        "justifyContent": "space-between",
      },
    ]
  }
/>
`;
